
running 34 tests
test core::crypto::tests::test_aes_tamper_detection ... ok
test core::crypto::tests::test_aes_nonce_randomness ... ok
test core::crypto::tests::test_aes_roundtrip ... ok
test core::crypto::tests::test_x25519_invalid_length ... ok
test core::crypto::tests::test_ephemeral_keypair_generation ... ok
test core::crypto::tests::test_x25519_public_key_parsing ... ok
test core::protocol::tests::test_file_chunk_roundtrip ... ok
test core::framing::tests::test_framing_reject_oversized ... ok
test core::framing::tests::test_framing_multiple_packets ... ok
test core::framing::tests::test_framing_roundtrip ... ok
test core::protocol::tests::test_file_end ... ok
test core::protocol::tests::test_file_meta_roundtrip ... ok
test core::crypto::tests::test_ecdh_different_context ... ok
test core::crypto::tests::test_ecdh_key_agreement ... ok
test core::protocol::tests::test_ping ... ok
test core::protocol::tests::test_invalid_message ... ok
test core::protocol::tests::test_text_message_roundtrip ... ok
test core::crypto::tests::test_forward_secrecy_full_flow ... ok
test core::framing::tests::test_framing_large_payload ... ok
test transfer::sender::tests::test_send_file_small ... ok
test util::tests::test_format_fingerprint_short ... ok
test util::tests::test_format_size ... ok
test util::tests::test_sanitize_filename ... ok
test app::persistence::tests::test_history_roundtrip ... ok
test transfer::receiver::tests::test_filename_conflict ... ok
test transfer::receiver::tests::test_incoming_file_size_mismatch ... ok
test transfer::receiver::tests::test_incoming_file_roundtrip ... ok
test core::crypto::tests::test_fingerprint_consistency ... ok
test identity::tests::test_invite_link_generation ... ok
test identity::tests::test_identity_save_load ... ok
test core::crypto::tests::test_rsa_roundtrip ... ok
test identity::tests::test_identity_creation ... ok
test network::session::tests::test_full_handshake ... ok
test core::crypto::tests::test_rsa_pem_roundtrip ... ok

test result: ok. 34 passed; 0 failed; 0 ignored; 0 measured; 0 filtered out; finished in 7.14s


running 0 tests

test result: ok. 0 passed; 0 failed; 0 ignored; 0 measured; 0 filtered out; finished in 0.00s


running 0 tests

test result: ok. 0 passed; 0 failed; 0 ignored; 0 measured; 0 filtered out; finished in 0.00s

